// Vitest Snapshot v1, https://vitest.dev/guide/snapshot.html

exports[`createAbsenceMocks() > It creates realistic mocks 1`] = `
[
  {
    "approvedBy": null,
    "countDays": 7,
    "countHours": null,
    "dateApproved": null,
    "dateEnquired": "2019-07-12",
    "dateSince": "2020-01-26",
    "dateUntil": "2020-02-03",
    "id": 0,
    "note": "placeat animi trepide pax impedit conicio",
    "sickNote": null,
    "status": 2,
    "type": 1,
    "usersId": 0,
  },
  {
    "approvedBy": 1,
    "countDays": null,
    "countHours": 0.22742073289063297,
    "dateApproved": "2019-11-03",
    "dateEnquired": "2019-10-31",
    "dateSince": "2020-03-06",
    "dateUntil": "2020-03-07",
    "id": 1,
    "note": "turbo agnosco tenax careo autem mollitia allatus vae",
    "status": 1,
    "type": 3,
    "usersId": 0,
  },
  {
    "approvedBy": 1,
    "countDays": 1,
    "countHours": null,
    "dateApproved": "2020-01-19",
    "dateEnquired": null,
    "dateSince": "2020-03-24",
    "dateUntil": "2020-03-24",
    "id": 2,
    "note": null,
    "sickNote": true,
    "status": 1,
    "type": 4,
    "usersId": 0,
  },
  {
    "approvedBy": null,
    "countDays": null,
    "countHours": 2.8133025109817673,
    "dateApproved": null,
    "dateEnquired": "2019-09-27",
    "dateSince": "2020-04-14",
    "dateUntil": "2020-04-17",
    "id": 3,
    "note": "tempus optio stultus arcus cubitum",
    "status": 3,
    "type": 3,
    "usersId": 0,
  },
  {
    "approvedBy": null,
    "countDays": 0.5,
    "countHours": null,
    "dateApproved": null,
    "dateEnquired": "2019-11-05",
    "dateSince": "2020-04-24",
    "dateUntil": "2020-04-24",
    "id": 4,
    "note": null,
    "sickNote": null,
    "status": 3,
    "type": 6,
    "usersId": 0,
  },
  {
    "approvedBy": null,
    "countDays": null,
    "countHours": 4.208080209272619,
    "dateApproved": null,
    "dateEnquired": "2020-02-25",
    "dateSince": "2020-05-07",
    "dateUntil": "2020-05-12",
    "id": 5,
    "note": "nesciunt enim abbas voveo ventosus beatus",
    "status": 4,
    "type": 3,
    "usersId": 0,
  },
  {
    "approvedBy": 1,
    "countDays": null,
    "countHours": 2.445200126297368,
    "dateApproved": "2020-03-01",
    "dateEnquired": "2020-03-01",
    "dateSince": "2020-05-23",
    "dateUntil": "2020-05-25",
    "id": 6,
    "note": "arto paulatim uredo vorago ager cursus bardus defendo",
    "status": 1,
    "type": 3,
    "usersId": 0,
  },
  {
    "approvedBy": 1,
    "countDays": null,
    "countHours": 3.5785902256567317,
    "dateApproved": "2020-05-23",
    "dateEnquired": null,
    "dateSince": "2020-06-03",
    "dateUntil": "2020-06-04",
    "id": 7,
    "note": "tumultus asperiores terminatio cito cohibeo sono amoveo sono",
    "status": 1,
    "type": 3,
    "usersId": 0,
  },
  {
    "approvedBy": 1,
    "countDays": 0.5,
    "countHours": null,
    "dateApproved": "2019-12-27",
    "dateEnquired": null,
    "dateSince": "2020-06-05",
    "dateUntil": "2020-06-05",
    "id": 8,
    "note": "vestigium tandem natus tantillus ager",
    "sickNote": null,
    "status": 1,
    "type": 10,
    "usersId": 0,
  },
  {
    "approvedBy": null,
    "countDays": null,
    "countHours": 1.69105606091283,
    "dateApproved": null,
    "dateEnquired": "2020-02-12",
    "dateSince": "2020-06-07",
    "dateUntil": "2020-06-09",
    "id": 9,
    "note": null,
    "status": 2,
    "type": 3,
    "usersId": 0,
  },
  {
    "approvedBy": 1,
    "countDays": null,
    "countHours": 1.0618594082371242,
    "dateApproved": "2019-12-25",
    "dateEnquired": null,
    "dateSince": "2020-06-28",
    "dateUntil": "2020-06-28",
    "id": 10,
    "note": "basium supellex cras sordeo adamo repellat adduco",
    "status": 1,
    "type": 3,
    "usersId": 0,
  },
  {
    "approvedBy": 1,
    "countDays": 1,
    "countHours": null,
    "dateApproved": "2020-06-18",
    "dateEnquired": "2020-06-17",
    "dateSince": "2020-07-12",
    "dateUntil": "2020-07-13",
    "id": 11,
    "note": "solvo admiratio textor earum cursim tertius cupiditas denique",
    "sickNote": null,
    "status": 1,
    "type": 13,
    "usersId": 0,
  },
  {
    "approvedBy": 1,
    "countDays": 6,
    "countHours": null,
    "dateApproved": "2020-06-26",
    "dateEnquired": null,
    "dateSince": "2020-07-14",
    "dateUntil": "2020-07-20",
    "id": 12,
    "note": "desipio combibo adiuvo carbo allatus capitulus",
    "sickNote": null,
    "status": 1,
    "type": 14,
    "usersId": 0,
  },
  {
    "approvedBy": null,
    "countDays": 0.5,
    "countHours": null,
    "dateApproved": null,
    "dateEnquired": null,
    "dateSince": "2020-08-15",
    "dateUntil": "2020-08-15",
    "id": 13,
    "note": "alo deinde vix congregatio thermae",
    "sickNote": null,
    "status": 2,
    "type": 15,
    "usersId": 0,
  },
  {
    "approvedBy": 1,
    "countDays": 3,
    "countHours": null,
    "dateApproved": "2020-04-18",
    "dateEnquired": "2020-04-17",
    "dateSince": "2020-08-27",
    "dateUntil": "2020-09-01",
    "id": 14,
    "note": "acies cenaculum desipio aegre vulgo capillus corrumpo benigne amiculum",
    "sickNote": null,
    "status": 1,
    "type": 1,
    "usersId": 0,
  },
  {
    "approvedBy": null,
    "countDays": 6,
    "countHours": null,
    "dateApproved": null,
    "dateEnquired": "2020-07-14",
    "dateSince": "2020-09-14",
    "dateUntil": "2020-09-20",
    "id": 15,
    "note": null,
    "sickNote": null,
    "status": 2,
    "type": 2,
    "usersId": 0,
  },
  {
    "approvedBy": null,
    "countDays": null,
    "countHours": 5.710277045433518,
    "dateApproved": null,
    "dateEnquired": null,
    "dateSince": "2020-09-21",
    "dateUntil": "2020-09-22",
    "id": 16,
    "note": null,
    "status": 3,
    "type": 3,
    "usersId": 0,
  },
  {
    "approvedBy": 1,
    "countDays": null,
    "countHours": 4.58801538916993,
    "dateApproved": "2020-08-25",
    "dateEnquired": "2020-08-23",
    "dateSince": "2020-09-26",
    "dateUntil": "2020-09-27",
    "id": 17,
    "note": "tristis tyrannus anser patior acceptus supplanto absens ago caelum utique",
    "status": 1,
    "type": 3,
    "usersId": 0,
  },
  {
    "approvedBy": null,
    "countDays": 9,
    "countHours": null,
    "dateApproved": null,
    "dateEnquired": "2020-07-13",
    "dateSince": "2020-11-10",
    "dateUntil": "2020-11-22",
    "id": 18,
    "note": "iure desino abduco denique vestigium avarus admoveo cum corroboro umquam",
    "sickNote": null,
    "status": 4,
    "type": 6,
    "usersId": 0,
  },
  {
    "approvedBy": 1,
    "countDays": null,
    "countHours": 7.069981199453268,
    "dateApproved": "2020-09-29",
    "dateEnquired": "2020-09-28",
    "dateSince": "2020-12-18",
    "dateUntil": "2020-12-24",
    "id": 19,
    "note": "corporis carbo viduo ver conscendo rem certus basium",
    "status": 1,
    "type": 3,
    "usersId": 0,
  },
]
`;
