// Jest Snapshot v1, https://goo.gl/fbAQLP

exports[`createAbsenceMocks() It creates realistic mocks 1`] = `
[
  {
    "approvedBy": 1,
    "countDays": 5,
    "countHours": null,
    "dateApproved": "2019-09-25",
    "dateEnquired": "2019-09-24",
    "dateSince": "2020-01-26",
    "dateUntil": "2020-01-31",
    "id": 0,
    "note": "nam commodi ad animi corporis",
    "status": 1,
    "type": 1,
    "usersId": 0,
  },
  {
    "approvedBy": null,
    "countDays": 0.5,
    "countHours": null,
    "dateApproved": null,
    "dateEnquired": "2019-12-02",
    "dateSince": "2020-03-01",
    "dateUntil": "2020-03-01",
    "id": 1,
    "note": "eum dolores",
    "status": 3,
    "type": 2,
    "usersId": 0,
  },
  {
    "approvedBy": null,
    "countDays": 9,
    "countHours": null,
    "dateApproved": null,
    "dateEnquired": null,
    "dateSince": "2020-03-12",
    "dateUntil": "2020-03-24",
    "id": 2,
    "note": null,
    "status": 3,
    "type": 4,
    "usersId": 0,
  },
  {
    "approvedBy": 1,
    "countDays": 3,
    "countHours": null,
    "dateApproved": "2020-02-02",
    "dateEnquired": "2020-01-31",
    "dateSince": "2020-04-08",
    "dateUntil": "2020-04-14",
    "id": 3,
    "note": "commodi fuga pariatur voluptates non beatae",
    "status": 1,
    "type": 5,
    "usersId": 0,
  },
  {
    "approvedBy": null,
    "countDays": 1,
    "countHours": null,
    "dateApproved": null,
    "dateEnquired": null,
    "dateSince": "2020-05-02",
    "dateUntil": "2020-05-05",
    "id": 4,
    "note": "unde ut corrupti eum nostrum consequatur aliquam nostrum commodi",
    "status": 2,
    "type": 6,
    "usersId": 0,
  },
  {
    "approvedBy": 1,
    "countDays": null,
    "countHours": 6.76,
    "dateApproved": "2020-01-09",
    "dateEnquired": null,
    "dateSince": "2020-05-23",
    "dateUntil": "2020-05-25",
    "id": 5,
    "note": "cupiditate temporibus error tempora",
    "status": 1,
    "type": 3,
    "usersId": 0,
  },
  {
    "approvedBy": null,
    "countDays": 1,
    "countHours": null,
    "dateApproved": null,
    "dateEnquired": "2020-04-16",
    "dateSince": "2020-05-29",
    "dateUntil": "2020-05-30",
    "id": 6,
    "note": "sint dolorem quasi totam officiis consequuntur",
    "status": 0,
    "type": 8,
    "usersId": 0,
  },
  {
    "approvedBy": 1,
    "countDays": null,
    "countHours": 5.57,
    "dateApproved": "2020-04-01",
    "dateEnquired": "2020-03-30",
    "dateSince": "2020-06-03",
    "dateUntil": "2020-06-05",
    "id": 7,
    "note": "praesentium quia ut sed cumque quidem beatae",
    "status": 1,
    "type": 3,
    "usersId": 0,
  },
  {
    "approvedBy": null,
    "countDays": null,
    "countHours": 4.5,
    "dateApproved": null,
    "dateEnquired": null,
    "dateSince": "2020-06-05",
    "dateUntil": "2020-06-09",
    "id": 8,
    "note": "expedita corporis nisi doloremque consectetur aliquam suscipit aliquid corrupti",
    "status": 4,
    "type": 3,
    "usersId": 0,
  },
  {
    "approvedBy": 1,
    "countDays": null,
    "countHours": 5.57,
    "dateApproved": "2020-05-30",
    "dateEnquired": "2020-05-30",
    "dateSince": "2020-06-15",
    "dateUntil": "2020-06-25",
    "id": 9,
    "note": null,
    "status": 1,
    "type": 3,
    "usersId": 0,
  },
  {
    "approvedBy": 1,
    "countDays": null,
    "countHours": 7,
    "dateApproved": "2020-05-12",
    "dateEnquired": "2020-05-11",
    "dateSince": "2020-07-02",
    "dateUntil": "2020-07-13",
    "id": 10,
    "note": null,
    "status": 1,
    "type": 3,
    "usersId": 0,
  },
  {
    "approvedBy": null,
    "countDays": 1,
    "countHours": null,
    "dateApproved": null,
    "dateEnquired": "2020-01-19",
    "dateSince": "2020-07-16",
    "dateUntil": "2020-07-19",
    "id": 11,
    "note": "esse id sequi illum",
    "status": 0,
    "type": 13,
    "usersId": 0,
  },
  {
    "approvedBy": 1,
    "countDays": null,
    "countHours": 4.69,
    "dateApproved": "2020-05-29",
    "dateEnquired": "2020-05-27",
    "dateSince": "2020-08-02",
    "dateUntil": "2020-08-05",
    "id": 12,
    "note": "ullam at dolores autem assumenda ipsa quis iusto quos",
    "status": 1,
    "type": 3,
    "usersId": 0,
  },
  {
    "approvedBy": 1,
    "countDays": 1,
    "countHours": null,
    "dateApproved": "2020-02-18",
    "dateEnquired": "2020-02-17",
    "dateSince": "2020-08-18",
    "dateUntil": "2020-08-19",
    "id": 13,
    "note": null,
    "status": 1,
    "type": 15,
    "usersId": 0,
  },
  {
    "approvedBy": null,
    "countDays": 1,
    "countHours": null,
    "dateApproved": null,
    "dateEnquired": "2020-05-15",
    "dateSince": "2020-09-07",
    "dateUntil": "2020-09-09",
    "id": 14,
    "note": "distinctio molestias totam maxime",
    "status": 4,
    "type": 1,
    "usersId": 0,
  },
  {
    "approvedBy": null,
    "countDays": 0.5,
    "countHours": null,
    "dateApproved": null,
    "dateEnquired": "2020-05-12",
    "dateSince": "2020-09-11",
    "dateUntil": "2020-09-11",
    "id": 15,
    "note": "pariatur exercitationem doloribus assumenda inventore quae vel alias neque officiis",
    "status": 0,
    "type": 2,
    "usersId": 0,
  },
  {
    "approvedBy": null,
    "countDays": null,
    "countHours": 0.48,
    "dateApproved": null,
    "dateEnquired": "2020-07-16",
    "dateSince": "2020-09-17",
    "dateUntil": "2020-09-17",
    "id": 16,
    "note": "recusandae velit excepturi ipsa esse ab eligendi molestiae soluta",
    "status": 0,
    "type": 3,
    "usersId": 0,
  },
  {
    "approvedBy": 1,
    "countDays": 0.5,
    "countHours": null,
    "dateApproved": "2020-07-07",
    "dateEnquired": "2020-07-03",
    "dateSince": "2020-09-20",
    "dateUntil": "2020-09-20",
    "id": 17,
    "note": null,
    "status": 1,
    "type": 5,
    "usersId": 0,
  },
  {
    "approvedBy": null,
    "countDays": null,
    "countHours": 5.6,
    "dateApproved": null,
    "dateEnquired": "2020-05-12",
    "dateSince": "2020-09-24",
    "dateUntil": "2020-09-27",
    "id": 18,
    "note": "vitae ratione est odio officiis",
    "status": 4,
    "type": 3,
    "usersId": 0,
  },
  {
    "approvedBy": 1,
    "countDays": 1,
    "countHours": null,
    "dateApproved": "2020-07-13",
    "dateEnquired": "2020-07-12",
    "dateSince": "2020-11-12",
    "dateUntil": "2020-11-13",
    "id": 19,
    "note": null,
    "status": 1,
    "type": 7,
    "usersId": 0,
  },
]
`;
