// Jest Snapshot v1, https://goo.gl/fbAQLP

exports[`createAbsenceMocks() It creates realistic mocks 1`] = `
Array [
  Object {
    "approvedBy": 1,
    "countDays": 1,
    "countHours": null,
    "dateApproved": "2019-09-05",
    "dateEnquired": null,
    "dateSince": "2020-01-28",
    "dateUntil": "2020-01-31",
    "id": 0,
    "note": null,
    "status": 1,
    "type": 1,
    "usersId": 0,
  },
  Object {
    "approvedBy": null,
    "countDays": 0.5,
    "countHours": null,
    "dateApproved": null,
    "dateEnquired": null,
    "dateSince": "2020-02-24",
    "dateUntil": "2020-02-24",
    "id": 1,
    "note": null,
    "status": 3,
    "type": 2,
    "usersId": 0,
  },
  Object {
    "approvedBy": null,
    "countDays": 0.5,
    "countHours": null,
    "dateApproved": null,
    "dateEnquired": null,
    "dateSince": "2020-03-09",
    "dateUntil": "2020-03-09",
    "id": 2,
    "note": null,
    "status": 0,
    "type": 6,
    "usersId": 0,
  },
  Object {
    "approvedBy": null,
    "countDays": 1,
    "countHours": null,
    "dateApproved": null,
    "dateEnquired": null,
    "dateSince": "2020-04-12",
    "dateUntil": "2020-04-14",
    "id": 3,
    "note": null,
    "status": 2,
    "type": 7,
    "usersId": 0,
  },
  Object {
    "approvedBy": null,
    "dateApproved": null,
    "dateEnquired": "2019-11-08",
    "dateSince": "2020-05-01",
    "dateUntil": "2020-05-01",
    "id": 4,
    "note": null,
    "sickNote": true,
    "status": 3,
    "type": 4,
    "usersId": 0,
  },
  Object {
    "approvedBy": null,
    "countDays": 1,
    "countHours": null,
    "dateApproved": null,
    "dateEnquired": null,
    "dateSince": "2020-05-24",
    "dateUntil": "2020-05-25",
    "id": 5,
    "note": null,
    "status": 3,
    "type": 9,
    "usersId": 0,
  },
  Object {
    "approvedBy": 1,
    "countDays": 0.5,
    "countHours": null,
    "dateApproved": "2020-05-22",
    "dateEnquired": null,
    "dateSince": "2020-05-27",
    "dateUntil": "2020-05-27",
    "id": 6,
    "note": null,
    "status": 1,
    "type": 10,
    "usersId": 0,
  },
  Object {
    "approvedBy": null,
    "countDays": 1,
    "countHours": null,
    "dateApproved": null,
    "dateEnquired": null,
    "dateSince": "2020-06-04",
    "dateUntil": "2020-06-05",
    "id": 7,
    "note": null,
    "status": 2,
    "type": 11,
    "usersId": 0,
  },
  Object {
    "approvedBy": null,
    "countDays": 0.5,
    "countHours": null,
    "dateApproved": null,
    "dateEnquired": null,
    "dateSince": "2020-06-07",
    "dateUntil": "2020-06-07",
    "id": 8,
    "note": null,
    "status": 0,
    "type": 12,
    "usersId": 0,
  },
  Object {
    "approvedBy": null,
    "countDays": 0.5,
    "countHours": null,
    "dateApproved": null,
    "dateEnquired": null,
    "dateSince": "2020-06-12",
    "dateUntil": "2020-06-12",
    "id": 9,
    "note": "totam officiis",
    "status": 2,
    "type": 13,
    "usersId": 0,
  },
  Object {
    "approvedBy": 1,
    "countDays": 13,
    "countHours": null,
    "dateApproved": "2020-03-05",
    "dateEnquired": null,
    "dateSince": "2020-06-28",
    "dateUntil": "2020-07-12",
    "id": 10,
    "note": null,
    "status": 1,
    "type": 14,
    "usersId": 0,
  },
  Object {
    "approvedBy": 1,
    "countDays": null,
    "countHours": 4.479627713258378,
    "dateApproved": "2020-04-07",
    "dateEnquired": "2020-04-03",
    "dateSince": "2020-07-17",
    "dateUntil": "2020-07-20",
    "id": 11,
    "note": null,
    "status": 1,
    "type": 3,
    "usersId": 0,
  },
  Object {
    "approvedBy": null,
    "countDays": 0.5,
    "countHours": null,
    "dateApproved": null,
    "dateEnquired": null,
    "dateSince": "2020-08-04",
    "dateUntil": "2020-08-04",
    "id": 12,
    "note": null,
    "status": 3,
    "type": 1,
    "usersId": 0,
  },
  Object {
    "approvedBy": 1,
    "countDays": null,
    "countHours": 7.963332051970065,
    "dateApproved": "2020-04-29",
    "dateEnquired": "2020-04-27",
    "dateSince": "2020-08-17",
    "dateUntil": "2020-08-19",
    "id": 13,
    "note": null,
    "status": 1,
    "type": 3,
    "usersId": 0,
  },
  Object {
    "approvedBy": 1,
    "countDays": null,
    "countHours": 7.012903982773423,
    "dateApproved": "2020-05-13",
    "dateEnquired": null,
    "dateSince": "2020-09-08",
    "dateUntil": "2020-09-09",
    "id": 14,
    "note": null,
    "status": 1,
    "type": 3,
    "usersId": 0,
  },
  Object {
    "approvedBy": 1,
    "countDays": null,
    "countHours": 4.153712440351955,
    "dateApproved": "2020-06-30",
    "dateEnquired": null,
    "dateSince": "2020-09-11",
    "dateUntil": "2020-09-11",
    "id": 15,
    "note": null,
    "status": 1,
    "type": 3,
    "usersId": 0,
  },
  Object {
    "approvedBy": 1,
    "countDays": null,
    "countHours": 2.643646778725088,
    "dateApproved": "2020-07-31",
    "dateEnquired": null,
    "dateSince": "2020-09-17",
    "dateUntil": "2020-09-17",
    "id": 16,
    "note": null,
    "status": 1,
    "type": 3,
    "usersId": 0,
  },
  Object {
    "approvedBy": 1,
    "countDays": 0.5,
    "countHours": null,
    "dateApproved": "2020-06-03",
    "dateEnquired": "2020-05-30",
    "dateSince": "2020-09-20",
    "dateUntil": "2020-09-20",
    "id": 17,
    "note": null,
    "status": 1,
    "type": 9,
    "usersId": 0,
  },
  Object {
    "approvedBy": null,
    "countDays": 1,
    "countHours": null,
    "dateApproved": null,
    "dateEnquired": "2020-07-02",
    "dateSince": "2020-09-26",
    "dateUntil": "2020-09-27",
    "id": 18,
    "note": null,
    "status": 0,
    "type": 10,
    "usersId": 0,
  },
  Object {
    "approvedBy": 1,
    "countDays": 15,
    "countHours": null,
    "dateApproved": "2020-11-22",
    "dateEnquired": "2020-11-18",
    "dateSince": "2020-11-23",
    "dateUntil": "2020-12-10",
    "id": 19,
    "note": null,
    "status": 1,
    "type": 11,
    "usersId": 0,
  },
]
`;
