// Vitest Snapshot v1, https://vitest.dev/guide/snapshot.html

exports[`createNonbusinessDayMocks() > It creates realistic mocks 1`] = `
[
  {
    "date": "2020-01-22",
    "halfDay": false,
    "id": 0,
    "name": "ulciscor surculus perferendis",
    "nonbusinessgroupsId": 0,
  },
  {
    "date": "2020-03-05",
    "halfDay": false,
    "id": 1,
    "name": "commodi conturbo calco",
    "nonbusinessgroupsId": 0,
  },
  {
    "date": "2020-03-07",
    "halfDay": false,
    "id": 2,
    "name": "quos aliquam damno",
    "nonbusinessgroupsId": 0,
  },
  {
    "date": "2020-03-24",
    "halfDay": false,
    "id": 3,
    "name": "depulso cursim color",
    "nonbusinessgroupsId": 0,
  },
  {
    "date": "2020-04-14",
    "halfDay": false,
    "id": 4,
    "name": "varietas vinco desipio",
    "nonbusinessgroupsId": 0,
  },
  {
    "date": "2020-05-05",
    "halfDay": true,
    "id": 5,
    "name": "ancilla comes cuppedia",
    "nonbusinessgroupsId": 0,
  },
  {
    "date": "2020-05-23",
    "halfDay": false,
    "id": 6,
    "name": "casso denuncio voro",
    "nonbusinessgroupsId": 0,
  },
  {
    "date": "2020-05-25",
    "halfDay": false,
    "id": 7,
    "name": "placeat animi trepide",
    "nonbusinessgroupsId": 0,
  },
  {
    "date": "2020-06-03",
    "halfDay": false,
    "id": 8,
    "name": "impedit conicio cognomen",
    "nonbusinessgroupsId": 0,
  },
  {
    "date": "2020-06-09",
    "halfDay": false,
    "id": 9,
    "name": "stabilis utique dolore",
    "nonbusinessgroupsId": 0,
  },
  {
    "date": "2020-06-25",
    "halfDay": true,
    "id": 10,
    "name": "occaecati quibusdam spero",
    "nonbusinessgroupsId": 0,
  },
  {
    "date": "2020-07-13",
    "halfDay": false,
    "id": 11,
    "name": "agnosco tenax careo",
    "nonbusinessgroupsId": 0,
  },
  {
    "date": "2020-07-20",
    "halfDay": false,
    "id": 12,
    "name": "mollitia allatus vae",
    "nonbusinessgroupsId": 0,
  },
  {
    "date": "2020-08-20",
    "halfDay": false,
    "id": 13,
    "name": "supra acceptus paens",
    "nonbusinessgroupsId": 0,
  },
  {
    "date": "2020-09-07",
    "halfDay": false,
    "id": 14,
    "name": "articulus argumentum sub",
    "nonbusinessgroupsId": 0,
  },
  {
    "date": "2020-09-11",
    "halfDay": true,
    "id": 15,
    "name": "stultus iste creta",
    "nonbusinessgroupsId": 0,
  },
  {
    "date": "2020-09-20",
    "halfDay": false,
    "id": 16,
    "name": "turba contabesco adimpleo",
    "nonbusinessgroupsId": 0,
  },
  {
    "date": "2020-09-23",
    "halfDay": false,
    "id": 17,
    "name": "cubicularis sufficio vulnero",
    "nonbusinessgroupsId": 0,
  },
  {
    "date": "2020-09-27",
    "halfDay": false,
    "id": 18,
    "name": "tempus optio stultus",
    "nonbusinessgroupsId": 0,
  },
  {
    "date": "2020-12-24",
    "halfDay": false,
    "id": 19,
    "name": "cubitum caput coniecto",
    "nonbusinessgroupsId": 0,
  },
]
`;
