// Vitest Snapshot v1, https://vitest.dev/guide/snapshot.html

exports[`createTargethoursRowMocks() > It creates realistic mocks 1`] = `
[
  {
    "compensationMonthly": 8,
    "dateSince": "2019-03-01",
    "dateUntil": "2019-04-30",
    "id": 0,
    "monthlyTarget": 6647271668511868,
    "surchargeModelsId": null,
    "testData": false,
    "type": "monthly",
    "usersId": 0,
    "workdayFriday": false,
    "workdayMonday": true,
    "workdaySaturday": false,
    "workdaySunday": false,
    "workdayThursday": false,
    "workdayTuesday": true,
    "workdayWednesday": false,
  },
  {
    "compensationMonthly": 5,
    "dateSince": "2019-05-01",
    "dateUntil": "2019-07-31",
    "id": 1,
    "monthlyTarget": 3880866760758412,
    "surchargeModelsId": null,
    "testData": false,
    "type": "monthly",
    "usersId": 0,
    "workdayFriday": false,
    "workdayMonday": true,
    "workdaySaturday": false,
    "workdaySunday": false,
    "workdayThursday": true,
    "workdayTuesday": true,
    "workdayWednesday": true,
  },
  {
    "compensationMonthly": 5,
    "dateSince": "2019-09-01",
    "dateUntil": "2019-09-30",
    "id": 2,
    "monthlyTarget": 1086526430408444,
    "surchargeModelsId": null,
    "testData": false,
    "type": "monthly",
    "usersId": 0,
    "workdayFriday": true,
    "workdayMonday": false,
    "workdaySaturday": true,
    "workdaySunday": false,
    "workdayThursday": true,
    "workdayTuesday": false,
    "workdayWednesday": false,
  },
  {
    "absenceFixedCredit": false,
    "compensationDaily": 6,
    "compensationMonthly": 3,
    "dateSince": "2020-01-04",
    "dateUntil": "2020-01-25",
    "friday": 5.53,
    "id": 3,
    "monday": 0,
    "saturday": 24,
    "sunday": 0,
    "surchargeModelsId": null,
    "testData": false,
    "thursday": 6,
    "tuesday": 0,
    "type": "weekly",
    "usersId": 0,
    "wednesday": 4,
  },
  {
    "absenceFixedCredit": false,
    "compensationDaily": 20,
    "compensationMonthly": 2,
    "dateSince": "2020-01-26",
    "dateUntil": "2020-03-03",
    "friday": 4.43,
    "id": 4,
    "monday": 0,
    "saturday": 24,
    "sunday": 0,
    "surchargeModelsId": null,
    "testData": false,
    "thursday": 8,
    "tuesday": 0,
    "type": "weekly",
    "usersId": 0,
    "wednesday": 3,
  },
  {
    "absenceFixedCredit": false,
    "compensationDaily": 15,
    "compensationMonthly": 5,
    "dateSince": "2020-03-04",
    "dateUntil": "2020-04-19",
    "friday": 7.91,
    "id": 5,
    "monday": 0,
    "saturday": 24,
    "sunday": 0,
    "surchargeModelsId": null,
    "testData": false,
    "thursday": 4,
    "tuesday": 0,
    "type": "weekly",
    "usersId": 0,
    "wednesday": 3,
  },
  {
    "absenceFixedCredit": true,
    "compensationDaily": 27,
    "compensationMonthly": 7,
    "dateSince": "2020-04-20",
    "dateUntil": "2020-06-21",
    "friday": 1.29,
    "id": 6,
    "monday": 0,
    "saturday": 24,
    "sunday": 0,
    "surchargeModelsId": null,
    "testData": false,
    "thursday": 7,
    "tuesday": 0,
    "type": "weekly",
    "usersId": 0,
    "wednesday": 2,
  },
  {
    "absenceFixedCredit": false,
    "compensationDaily": 10,
    "compensationMonthly": 0,
    "dateSince": "2020-06-22",
    "dateUntil": "2020-08-15",
    "friday": 4.55,
    "id": 7,
    "monday": 0,
    "saturday": 24,
    "sunday": 0,
    "surchargeModelsId": null,
    "testData": false,
    "thursday": 8,
    "tuesday": 0,
    "type": "weekly",
    "usersId": 0,
    "wednesday": 2,
  },
  {
    "absenceFixedCredit": false,
    "compensationDaily": 34,
    "compensationMonthly": 2,
    "dateSince": "2020-09-13",
    "dateUntil": "2020-10-06",
    "friday": 0.89,
    "id": 8,
    "monday": 0,
    "saturday": 24,
    "sunday": 0,
    "surchargeModelsId": null,
    "testData": false,
    "thursday": 7,
    "tuesday": 0,
    "type": "weekly",
    "usersId": 0,
    "wednesday": 2,
  },
  {
    "absenceFixedCredit": false,
    "compensationDaily": 55,
    "compensationMonthly": 5,
    "dateSince": "2020-10-07",
    "dateUntil": "2021-01-04",
    "friday": 7.42,
    "id": 9,
    "monday": 0,
    "saturday": 24,
    "sunday": 0,
    "surchargeModelsId": null,
    "testData": false,
    "thursday": 5,
    "tuesday": 0,
    "type": "weekly",
    "usersId": 0,
    "wednesday": 4,
  },
  {
    "absenceFixedCredit": false,
    "compensationDaily": 0,
    "compensationMonthly": 0,
    "dateSince": "2021-01-05",
    "dateUntil": "2021-02-07",
    "friday": 3.39,
    "id": 10,
    "monday": 0,
    "saturday": 24,
    "sunday": 0,
    "surchargeModelsId": null,
    "testData": false,
    "thursday": 5,
    "tuesday": 0,
    "type": "weekly",
    "usersId": 0,
    "wednesday": 1,
  },
  {
    "absenceFixedCredit": false,
    "compensationDaily": 28,
    "compensationMonthly": 8,
    "dateSince": "2021-02-08",
    "dateUntil": "2021-03-01",
    "friday": 5.74,
    "id": 11,
    "monday": 0,
    "saturday": 24,
    "sunday": 0,
    "surchargeModelsId": null,
    "testData": false,
    "thursday": 5,
    "tuesday": 0,
    "type": "weekly",
    "usersId": 0,
    "wednesday": 3,
  },
  {
    "absenceFixedCredit": true,
    "compensationDaily": 48,
    "compensationMonthly": 4,
    "dateSince": "2021-03-02",
    "dateUntil": "2021-03-29",
    "friday": 7.97,
    "id": 12,
    "monday": 0,
    "saturday": 24,
    "sunday": 0,
    "surchargeModelsId": null,
    "testData": false,
    "thursday": 7,
    "tuesday": 0,
    "type": "weekly",
    "usersId": 0,
    "wednesday": 1,
  },
  {
    "absenceFixedCredit": false,
    "compensationDaily": 14,
    "compensationMonthly": 3,
    "dateSince": "2021-03-30",
    "dateUntil": "2021-05-01",
    "friday": 3.85,
    "id": 13,
    "monday": 0,
    "saturday": 24,
    "sunday": 0,
    "surchargeModelsId": null,
    "testData": false,
    "thursday": 6,
    "tuesday": 0,
    "type": "weekly",
    "usersId": 0,
    "wednesday": 4,
  },
  {
    "absenceFixedCredit": false,
    "compensationDaily": 54,
    "compensationMonthly": 8,
    "dateSince": "2021-05-05",
    "dateUntil": "2021-05-18",
    "friday": 4.02,
    "id": 14,
    "monday": 0,
    "saturday": 24,
    "sunday": 0,
    "surchargeModelsId": null,
    "testData": false,
    "thursday": 6,
    "tuesday": 0,
    "type": "weekly",
    "usersId": 0,
    "wednesday": 1,
  },
  {
    "absenceFixedCredit": true,
    "compensationDaily": 58,
    "compensationMonthly": 2,
    "dateSince": "2021-05-19",
    "dateUntil": "2021-05-28",
    "friday": 5.01,
    "id": 15,
    "monday": 0,
    "saturday": 24,
    "sunday": 0,
    "surchargeModelsId": null,
    "testData": false,
    "thursday": 6,
    "tuesday": 0,
    "type": "weekly",
    "usersId": 0,
    "wednesday": 4,
  },
  {
    "absenceFixedCredit": false,
    "compensationDaily": 1,
    "compensationMonthly": 7,
    "dateSince": "2021-05-29",
    "dateUntil": "2021-07-10",
    "friday": 3.55,
    "id": 16,
    "monday": 0,
    "saturday": 24,
    "sunday": 0,
    "surchargeModelsId": null,
    "testData": false,
    "thursday": 5,
    "tuesday": 0,
    "type": "weekly",
    "usersId": 0,
    "wednesday": 4,
  },
  {
    "absenceFixedCredit": false,
    "compensationDaily": 17,
    "compensationMonthly": 4,
    "dateSince": "2021-07-11",
    "dateUntil": "2021-09-06",
    "friday": 1.89,
    "id": 17,
    "monday": 0,
    "saturday": 24,
    "sunday": 0,
    "surchargeModelsId": null,
    "testData": false,
    "thursday": 8,
    "tuesday": 0,
    "type": "weekly",
    "usersId": 0,
    "wednesday": 1,
  },
  {
    "absenceFixedCredit": true,
    "compensationDaily": 7,
    "compensationMonthly": 0,
    "dateSince": "2021-09-07",
    "dateUntil": "2021-10-08",
    "friday": 1.3,
    "id": 18,
    "monday": 0,
    "saturday": 24,
    "sunday": 0,
    "surchargeModelsId": null,
    "testData": false,
    "thursday": 6,
    "tuesday": 0,
    "type": "weekly",
    "usersId": 0,
    "wednesday": 2,
  },
  {
    "absenceFixedCredit": true,
    "compensationDaily": 57,
    "compensationMonthly": 0,
    "dateSince": "2021-11-06",
    "dateUntil": "2021-12-28",
    "friday": 6.97,
    "id": 19,
    "monday": 0,
    "saturday": 24,
    "sunday": 0,
    "surchargeModelsId": null,
    "testData": false,
    "thursday": 8,
    "tuesday": 0,
    "type": "weekly",
    "usersId": 0,
    "wednesday": 3,
  },
]
`;
