// Vitest Snapshot v1, https://vitest.dev/guide/snapshot.html

exports[`workTimesMocks > createChangeRequestMocks 1`] = `
[
  {
    "changes": [
      {
        "timeSince": "2020-03-24T13:24:38Z",
        "timeUntil": "2020-03-24T15:32:32Z",
        "type": 1,
      },
      {
        "timeSince": "2020-03-24T20:26:09Z",
        "timeUntil": "2020-03-25T03:32:18Z",
        "type": 2,
      },
    ],
    "createdAt": "2020-03-24T04:00:00Z",
    "date": "2020-03-24",
    "id": 0,
    "status": 1,
    "usersId": 0,
  },
  {
    "changes": [
      {
        "timeSince": "2020-04-14T05:25:56Z",
        "timeUntil": "2020-04-14T08:22:47Z",
        "type": 1,
      },
      {
        "timeSince": "2020-04-14T13:33:11Z",
        "timeUntil": "2020-04-14T21:42:42Z",
        "type": 2,
      },
    ],
    "createdAt": "2020-04-14T04:00:00Z",
    "date": "2020-04-14",
    "id": 1,
    "status": 1,
    "usersId": 0,
  },
  {
    "changes": [
      {
        "timeSince": "2020-07-20T11:45:03Z",
        "timeUntil": "2020-07-20T18:39:52Z",
        "type": 1,
      },
      {
        "timeSince": "2020-07-20T19:13:32Z",
        "timeUntil": "2020-07-20T21:20:19Z",
        "type": 1,
      },
      {
        "timeSince": "2020-07-20T21:23:12Z",
        "timeUntil": "2020-07-21T00:23:10Z",
        "type": 1,
      },
    ],
    "createdAt": "2020-07-20T04:00:00Z",
    "date": "2020-07-20",
    "id": 2,
    "status": 1,
    "usersId": 0,
  },
  {
    "changes": [
      {
        "timeSince": "2020-09-11T06:12:37Z",
        "timeUntil": "2020-09-11T11:29:39Z",
        "type": 1,
      },
      {
        "timeSince": "2020-09-11T14:13:11Z",
        "timeUntil": "2020-09-11T14:20:26Z",
        "type": 2,
      },
      {
        "timeSince": "2020-09-11T14:24:31Z",
        "timeUntil": "2020-09-11T15:50:54Z",
        "type": 2,
      },
    ],
    "createdAt": "2020-09-11T04:00:00Z",
    "date": "2020-09-11",
    "id": 3,
    "status": 1,
    "usersId": 0,
  },
  {
    "changes": [
      {
        "timeSince": "2020-09-20T06:46:29Z",
        "timeUntil": "2020-09-20T10:00:39Z",
        "type": 1,
      },
      {
        "timeSince": "2020-09-20T11:36:53Z",
        "timeUntil": "2020-09-20T13:57:20Z",
        "type": 2,
      },
      {
        "timeSince": "2020-09-20T18:58:29Z",
        "timeUntil": "2020-09-21T00:47:29Z",
        "type": 2,
      },
    ],
    "createdAt": "2020-09-20T04:00:00Z",
    "date": "2020-09-20",
    "id": 4,
    "status": 1,
    "usersId": 0,
  },
]
`;

exports[`workTimesMocks > createWorkDayMocks 1`] = `
[
  {
    "date": "2020-03-24",
    "intervals": [
      {
        "timeSince": "2020-03-24T13:24:38Z",
        "timeUntil": "2020-03-24T15:32:32Z",
      },
      {
        "timeSince": "2020-03-24T20:26:09Z",
        "timeUntil": "2020-03-25T03:32:18Z",
      },
    ],
    "offset": 0,
    "usersId": 0,
  },
  {
    "date": "2020-04-14",
    "intervals": [
      {
        "timeSince": "2020-04-14T05:25:56Z",
        "timeUntil": "2020-04-14T13:33:11Z",
      },
      {
        "timeSince": "2020-04-14T14:31:32Z",
        "timeUntil": "2020-04-14T21:29:49Z",
      },
    ],
    "offset": 0,
    "usersId": 0,
  },
  {
    "date": "2020-07-20",
    "intervals": [
      {
        "timeSince": "2020-07-20T08:12:39Z",
        "timeUntil": "2020-07-20T08:22:47Z",
      },
      {
        "timeSince": "2020-07-20T16:45:26Z",
        "timeUntil": "2020-07-20T16:45:49Z",
      },
      {
        "timeSince": "2020-07-20T19:13:32Z",
        "timeUntil": "2020-07-21T00:23:10Z",
      },
    ],
    "offset": 0,
    "usersId": 0,
  },
  {
    "date": "2020-09-11",
    "intervals": [
      {
        "timeSince": "2020-09-11T09:28:41Z",
        "timeUntil": "2020-09-11T11:02:56Z",
      },
      {
        "timeSince": "2020-09-11T11:45:03Z",
        "timeUntil": "2020-09-11T12:40:58Z",
      },
      {
        "timeSince": "2020-09-11T18:39:52Z",
        "timeUntil": "2020-09-11T21:20:19Z",
      },
    ],
    "offset": 0,
    "usersId": 0,
  },
  {
    "date": "2020-09-20",
    "intervals": [
      {
        "timeSince": "2020-09-20T06:12:37Z",
        "timeUntil": null,
      },
      {
        "timeSince": "2020-09-20T14:13:11Z",
        "timeUntil": "2020-09-20T14:20:26Z",
      },
      {
        "timeSince": "2020-09-20T14:24:31Z",
        "timeUntil": "2020-09-20T15:50:54Z",
      },
    ],
    "offset": 0,
    "usersId": 0,
  },
]
`;
